2026-09-01 11:15:10,775 - INFO - ======================================================================
2026-09-01 11:15:10,775 - INFO - 🚀 ЗАПУСК ПАРСЕРА OZON
2026-09-01 11:15:10,776 - INFO - 📋 Количество товаров: 2
2026-09-01 11:15:10,776 - INFO - ======================================================================
2026-09-01 11:15:10,776 - INFO - 🍪 Загружено 10 cookies
2026-09-01 11:15:25,492 - INFO - ✅ Сессия инициализирована с cookies
2026-09-01 11:15:25,492 - INFO - 
--- [1/2] Обработка товара SKU: 2359066702 ---
2026-09-01 11:15:25,492 - INFO - 🌐 Загрузка страницы: https://www.ozon.ru/product/2359066702/
2026-09-01 11:15:29,355 - INFO - 📊 Начало парсинга SKU: 2359066702
2026-09-01 11:15:39,296 - INFO - ✅ Данные из JSON-LD: 'Раскраска по номерам антистресс Дисней А...'
2026-09-01 11:15:57,483 - INFO - 🏁 Парсинг SKU 2359066702 завершен
2026-09-01 11:15:57,484 - INFO - ✅ Товар 2359066702 успешно спарсен
2026-09-01 11:15:57,484 - INFO - ⏳ Пауза 11.7 сек...
2026-09-01 11:16:09,209 - INFO - 
--- [2/2] Обработка товара SKU: 2829800382 ---
2026-09-01 11:16:09,209 - INFO - 🌐 Загрузка страницы: https://www.ozon.ru/product/2829800382/
2026-09-01 11:16:14,932 - INFO - 📊 Начало парсинга SKU: 2829800382
2026-09-01 11:16:19,053 - INFO - ✅ Данные из JSON-LD: 'Раскраска по номерам дисней hachette col...'
2026-09-01 11:16:37,486 - INFO - 🏁 Парсинг SKU 2829800382 завершен
2026-09-01 11:16:37,487 - INFO - ✅ Товар 2829800382 успешно спарсен
2026-09-01 11:16:37,487 - INFO - 🔄 Закрытие браузера...
2026-09-01 11:16:41,011 - INFO - 
📊 Итоги парсинга: 2 товаров
2026-09-01 11:16:41,027 - INFO - 💾 Сохранено 2 товаров в 'ozon_products.csv'
2026-09-01 11:16:41,027 - INFO - ✅ CSV сохранен успешно
2026-09-01 11:16:41,027 - INFO - ======================================================================
2026-09-01 11:16:41,027 - INFO - 🏁 РАБОТА ПАРСЕРА ЗАВЕРШЕНА
2026-09-01 11:16:41,028 - INFO - ======================================================================
2026-09-01 11:21:49,096 - INFO - ======================================================================
2026-09-01 11:21:49,097 - INFO - 🚀 ЗАПУСК ПАРСЕРА OZON
2026-09-01 11:21:49,098 - INFO - 📋 Количество товаров: 2
2026-09-01 11:21:49,098 - INFO - ======================================================================
2026-09-01 11:21:49,099 - INFO - 🍪 Загружено 10 cookies
2026-09-01 11:22:08,989 - INFO - ✅ Сессия инициализирована с cookies
2026-09-01 11:22:08,990 - INFO - 
--- [1/2] Обработка товара SKU: 2359066702 ---
2026-09-01 11:22:08,990 - INFO -  Загрузка страницы: https://www.ozon.ru/product/2359066702/
2026-09-01 11:22:13,541 - INFO -  Начало парсинга SKU: 2359066702
2026-09-01 11:22:19,856 - INFO - ✅ Данные из JSON-LD: 'Раскраска по номерам антистресс Дисней А...'
2026-09-01 11:24:04,400 - INFO - 🏁 Парсинг SKU 2359066702 завершен
2026-09-01 11:24:04,401 - INFO - ✅ Товар 2359066702 успешно спарсен
2026-09-01 11:24:04,402 - INFO - ⏳ Пауза 14.5 сек...
2026-09-01 11:24:18,925 - INFO - 
--- [2/2] Обработка товара SKU: 2829800382 ---
2026-09-01 11:24:18,925 - INFO -  Загрузка страницы: https://www.ozon.ru/product/2829800382/
2026-09-01 11:24:22,899 - INFO -  Начало парсинга SKU: 2829800382
2026-09-01 11:24:26,984 - INFO - ✅ Данные из JSON-LD: 'Раскраска по номерам дисней hachette col...'
2026-09-01 11:26:23,344 - INFO - 🏁 Парсинг SKU 2829800382 завершен
2026-09-01 11:26:23,345 - INFO - ✅ Товар 2829800382 успешно спарсен
2026-09-01 11:26:23,345 - INFO - 🔄 Закрытие браузера...
2026-09-01 11:26:26,301 - INFO - 
📊 Итоги парсинга: 2 товаров
2026-09-01 11:26:26,303 - INFO - 💾 Сохранено 2 товаров в 'ozon_products.csv'
2026-09-01 11:26:26,303 - INFO - ✅ CSV сохранен успешно
2026-09-01 11:26:26,303 - INFO - 
📋 Пример спарсенных данных:
2026-09-01 11:26:26,303 - INFO -   sku: 2359066702
2026-09-01 11:26:26,303 - INFO -   title: Раскраска по номерам антистресс Дисней Ашет ТОМ 11/TOME 11
2026-09-01 11:26:26,304 - INFO -   price: 1762.0
2026-09-01 11:26:26,304 - INFO -   rating: 4.9
2026-09-01 11:26:26,304 - INFO -   reviews_total: 1882
2026-09-01 11:26:26,304 - INFO -   cover_image: https://ir.ozone.ru/s3/multimedia-1-l/9548554413.jpg
2026-09-01 11:26:26,304 - INFO -   photos_seller: 1
2026-09-01 11:26:26,305 - INFO -   videos_seller: 0
2026-09-01 11:26:26,305 - INFO -   color: темно-розовый
Все 12 цветов
Количество в упаковке, шт:
1
2
2026-09-01 11:26:26,305 - INFO -   material: 
2026-09-01 11:26:26,305 - INFO -   art_set: 2359066702
В сравнение
Поделиться
2026-09-01 11:26:26,305 - INFO -   has_rich_content: False
2026-09-01 11:26:26,306 - INFO - ======================================================================
2026-09-01 11:26:26,306 - INFO -  РАБОТА ПАРСЕРА ЗАВЕРШЕНА
2026-09-01 11:26:26,306 - INFO - ======================================================================
2026-09-01 11:31:18,545 - INFO - ======================================================================
2026-09-01 11:31:18,546 - INFO - 🚀 ЗАПУСК ПАРСЕРА OZON
2026-09-01 11:31:18,546 - INFO - 📋 Количество товаров: 2
2026-09-01 11:31:18,546 - INFO - ======================================================================
2026-09-01 11:31:18,547 - INFO - 🍪 Загружено 10 cookies
2026-09-01 11:31:35,044 - INFO - ✅ Сессия инициализирована с cookies
2026-09-01 11:31:35,044 - INFO - 
--- [1/2] Обработка товара SKU: 2359066702 ---
2026-09-01 11:31:35,044 - INFO -  Загрузка страницы: https://www.ozon.ru/product/2359066702/
2026-09-01 11:31:40,684 - INFO - 📊 Начало парсинга SKU: 2359066702
2026-09-01 11:31:44,203 - INFO - ✅ Данные из JSON-LD: 'Раскраска по номерам антистресс Дисней А...'
2026-09-01 11:32:02,197 - INFO - 🏁 Парсинг SKU 2359066702 завершен
2026-09-01 11:32:02,197 - INFO - ✅ Товар 2359066702 успешно спарсен
2026-09-01 11:32:02,197 - INFO - ⏳ Пауза 10.6 сек...
2026-09-01 11:32:12,820 - INFO - 
--- [2/2] Обработка товара SKU: 2829800382 ---
2026-09-01 11:32:12,820 - INFO -  Загрузка страницы: https://www.ozon.ru/product/2829800382/
2026-09-01 11:32:17,178 - INFO - 📊 Начало парсинга SKU: 2829800382
2026-09-01 11:32:20,640 - INFO - ✅ Данные из JSON-LD: 'Раскраска по номерам дисней hachette col...'
2026-09-01 11:32:38,581 - INFO - 🏁 Парсинг SKU 2829800382 завершен
2026-09-01 11:32:38,582 - INFO - ✅ Товар 2829800382 успешно спарсен
2026-09-01 11:32:38,582 - INFO - 🔄 Закрытие браузера...
2026-09-01 11:32:41,506 - INFO - 
📊 Итоги парсинга: 2 товаров
2026-09-01 11:32:41,507 - INFO - 💾 Сохранено 2 товаров в 'ozon_products.csv'
2026-09-01 11:32:41,507 - INFO - ✅ CSV сохранен успешно
2026-09-01 11:32:41,507 - INFO - 
📋 Пример спарсенных данных:
2026-09-01 11:32:41,508 - INFO -   sku: 2359066702
2026-09-01 11:32:41,508 - INFO -   title: Раскраска по номерам антистресс Дисней Ашет ТОМ 11/TOME 11
2026-09-01 11:32:41,508 - INFO -   price: 1762.0
2026-09-01 11:32:41,508 - INFO -   rating: 4.9
2026-09-01 11:32:41,508 - INFO -   reviews_total: 1882
2026-09-01 11:32:41,508 - INFO -   cover_image: https://ir.ozone.ru/s3/multimedia-1-l/9548554413.jpg
2026-09-01 11:32:41,508 - INFO -   photos_seller: 1
2026-09-01 11:32:41,508 - INFO -   videos_seller: 0
2026-09-01 11:32:41,508 - INFO -   color: 
2026-09-01 11:32:41,509 - INFO -   material: 
2026-09-01 11:32:41,509 - INFO -   art_set: 
2026-09-01 11:32:41,509 - INFO -   has_rich_content: False
2026-09-01 11:32:41,509 - INFO - ======================================================================
2026-09-01 11:32:41,509 - INFO - 🏁 РАБОТА ПАРСЕРА ЗАВЕРШЕНА
2026-09-01 11:32:41,509 - INFO - ======================================================================
2026-09-01 11:35:45,365 - INFO - ======================================================================
2026-09-01 11:35:45,370 - INFO - 🚀 ЗАПУСК ПАРСЕРА OZON
2026-09-01 11:35:45,377 - INFO - 📋 Количество товаров: 2
2026-09-01 11:35:45,378 - INFO - ======================================================================
2026-09-01 11:35:45,382 - INFO - 🍪 Загружено 10 cookies
2026-09-01 11:35:59,926 - INFO - ✅ Сессия инициализирована с cookies
2026-09-01 11:35:59,927 - INFO - 
--- [1/2] Обработка товара SKU: 2359066702 ---
2026-09-01 11:35:59,927 - INFO - 🌐 Загрузка страницы: https://www.ozon.ru/product/2359066702/
2026-09-01 11:36:04,744 - INFO - 📊 Начало парсинга SKU: 2359066702
2026-09-01 11:36:09,171 - INFO - ✅ Данные из JSON-LD: 'Раскраска по номерам антистресс Дисней А...'
2026-09-01 11:36:27,145 - INFO - 🏁 Парсинг SKU 2359066702 завершен
2026-09-01 11:36:27,146 - INFO - ✅ Товар 2359066702 успешно спарсен
2026-09-01 11:36:27,146 - INFO - ⏳ Пауза 12.4 сек...
2026-09-01 11:36:39,584 - INFO - 
--- [2/2] Обработка товара SKU: 2829800382 ---
2026-09-01 11:36:39,584 - INFO - 🌐 Загрузка страницы: https://www.ozon.ru/product/2829800382/
2026-09-01 11:36:43,634 - INFO - 📊 Начало парсинга SKU: 2829800382
2026-09-01 11:36:48,375 - INFO - ✅ Данные из JSON-LD: 'Раскраска по номерам дисней hachette col...'
2026-09-01 11:37:06,303 - INFO - 🏁 Парсинг SKU 2829800382 завершен
2026-09-01 11:37:06,304 - INFO - ✅ Товар 2829800382 успешно спарсен
2026-09-01 11:37:06,304 - INFO - 🔄 Закрытие браузера...
2026-09-01 11:37:09,285 - INFO - 
📊 Итоги парсинга: 2 товаров
2026-09-01 11:37:09,286 - INFO - 💾 Сохранено 2 товаров в 'ozon_products.csv'
2026-09-01 11:37:09,286 - INFO - ✅ CSV сохранен успешно
2026-09-01 11:37:09,286 - INFO - 
📋 Пример спарсенных данных:
2026-09-01 11:37:09,286 - INFO -   sku: 2359066702
2026-09-01 11:37:09,287 - INFO -   title: Раскраска по номерам антистресс Дисней Ашет ТОМ 11/TOME 11
2026-09-01 11:37:09,287 - INFO -   price: 1762.0
2026-09-01 11:37:09,287 - INFO -   rating: 4.9
2026-09-01 11:37:09,287 - INFO -   reviews_total: 1882
2026-09-01 11:37:09,287 - INFO -   cover_image: https://ir.ozone.ru/s3/multimedia-1-l/9548554413.jpg
2026-09-01 11:37:09,287 - INFO -   photos_seller: 1
2026-09-01 11:37:09,287 - INFO -   videos_seller: 0
2026-09-01 11:37:09,287 - INFO -   color: 
2026-09-01 11:37:09,287 - INFO -   material: 
2026-09-01 11:37:09,287 - INFO -   art_set: 
2026-09-01 11:37:09,288 - INFO -   has_rich_content: False
2026-09-01 11:37:09,288 - INFO - ======================================================================
2026-09-01 11:37:09,288 - INFO - 🏁 РАБОТА ПАРСЕРА ЗАВЕРШЕНА
2026-09-01 11:37:09,288 - INFO - ======================================================================
2026-09-01 11:39:06,460 - INFO - ======================================================================
2026-09-01 11:39:06,461 - INFO - 🚀 ЗАПУСК ПАРСЕРА OZON
2026-09-01 11:39:06,461 - INFO - 📋 Количество товаров: 2
2026-09-01 11:39:06,461 - INFO - ======================================================================
2026-09-01 11:39:06,461 - INFO - 🍪 Загружено 10 cookies
2026-09-01 11:39:24,231 - INFO - ✅ Сессия инициализирована с cookies
2026-09-01 11:39:24,231 - INFO - 
--- [1/2] Обработка товара SKU: 2359066702 ---
2026-09-01 11:39:24,231 - INFO - 🌐 Загрузка страницы: https://www.ozon.ru/product/2359066702/
2026-09-01 11:39:28,096 - INFO - 📊 Начало парсинга SKU: 2359066702
2026-09-01 11:39:34,061 - INFO - ✅ Данные из JSON-LD: 'Раскраска по номерам антистресс Дисней А...'
2026-09-01 11:39:52,091 - INFO - 🏁 Парсинг SKU 2359066702 завершен
2026-09-01 11:39:52,092 - INFO - ✅ Товар 2359066702 успешно спарсен
2026-09-01 11:39:52,092 - INFO - ⏳ Пауза 9.9 сек...
2026-09-01 11:40:02,012 - INFO - 
--- [2/2] Обработка товара SKU: 2829800382 ---
2026-09-01 11:40:02,013 - INFO - 🌐 Загрузка страницы: https://www.ozon.ru/product/2829800382/
2026-09-01 11:40:07,332 - INFO - 📊 Начало парсинга SKU: 2829800382
2026-09-01 11:40:10,961 - INFO - ✅ Данные из JSON-LD: 'Раскраска по номерам дисней hachette col...'
2026-09-01 11:40:28,967 - INFO - 🏁 Парсинг SKU 2829800382 завершен
2026-09-01 11:40:28,967 - INFO - ✅ Товар 2829800382 успешно спарсен
2026-09-01 11:40:28,967 - INFO - 🔄 Закрытие браузера...
2026-09-01 11:40:31,837 - INFO - 
📊 Итоги парсинга: 2 товаров
2026-09-01 11:40:31,840 - INFO - 💾 Сохранено 2 товаров в 'ozon_products.csv'
2026-09-01 11:40:31,840 - INFO - ✅ CSV сохранен успешно
2026-09-01 11:40:31,840 - INFO - 
📋 Пример спарсенных данных:
2026-09-01 11:40:31,840 - INFO -   sku: 2359066702
2026-09-01 11:40:31,840 - INFO -   title: Раскраска по номерам антистресс Дисней Ашет ТОМ 11/TOME 11
2026-09-01 11:40:31,841 - INFO -   price: 1762.0
2026-09-01 11:40:31,841 - INFO -   rating: 4.9
2026-09-01 11:40:31,841 - INFO -   reviews_total: 1882
2026-09-01 11:40:31,841 - INFO -   cover_image: https://ir.ozone.ru/s3/multimedia-1-l/9548554413.jpg
2026-09-01 11:40:31,842 - INFO -   photos_seller: 1
2026-09-01 11:40:31,842 - INFO -   videos_seller: 0
2026-09-01 11:40:31,842 - INFO -   color: 
2026-09-01 11:40:31,842 - INFO -   material: 
2026-09-01 11:40:31,842 - INFO -   art_set: 
2026-09-01 11:40:31,842 - INFO -   has_rich_content: False
2026-09-01 11:40:31,842 - INFO - ======================================================================
2026-09-01 11:40:31,842 - INFO - 🏁 РАБОТА ПАРСЕРА ЗАВЕРШЕНА
2026-09-01 11:40:31,842 - INFO - ======================================================================
2026-09-01 11:41:49,322 - INFO - ======================================================================
2026-09-01 11:41:49,322 - INFO - 🚀 ЗАПУСК ПАРСЕРА OZON
2026-09-01 11:41:49,322 - INFO - 📋 Количество товаров: 2
2026-09-01 11:41:49,323 - INFO - ======================================================================
2026-09-01 11:41:49,324 - INFO - 🍪 Загружено 10 cookies
2026-09-01 11:42:03,828 - INFO - ✅ Сессия инициализирована с cookies
2026-09-01 11:42:03,828 - INFO - 
--- [1/2] Обработка товара SKU: 2359066702 ---
2026-09-01 11:42:03,828 - INFO - 🌐 Загрузка страницы: https://www.ozon.ru/product/2359066702/
2026-09-01 11:42:08,401 - INFO - 📊 Начало парсинга SKU: 2359066702
2026-09-01 11:42:12,401 - INFO - ✅ Данные из JSON-LD: 'Раскраска по номерам антистресс Дисней А...'
2026-09-01 11:42:14,593 - INFO -   🔢 Найден артикул из скрипта: 2359066702
2026-09-01 11:42:14,627 - INFO -   ✅ Артикул: 2359066702
2026-09-01 11:42:31,040 - INFO - 🏁 Парсинг SKU 2359066702 завершен
2026-09-01 11:42:31,041 - INFO - ✅ Товар 2359066702 успешно спарсен
2026-09-01 11:42:31,041 - INFO - ⏳ Пауза 12.3 сек...
2026-09-01 11:42:43,298 - INFO - 
--- [2/2] Обработка товара SKU: 2829800382 ---
2026-09-01 11:42:43,298 - INFO - 🌐 Загрузка страницы: https://www.ozon.ru/product/2829800382/
2026-09-01 11:42:48,470 - INFO - 📊 Начало парсинга SKU: 2829800382
2026-09-01 11:42:52,172 - INFO - ✅ Данные из JSON-LD: 'Раскраска по номерам дисней hachette col...'
2026-09-01 11:42:54,247 - INFO -   🔢 Найден артикул из скрипта: 2829800382
2026-09-01 11:42:54,273 - INFO -   ✅ Артикул: 2829800382
2026-09-01 11:43:10,661 - INFO - 🏁 Парсинг SKU 2829800382 завершен
2026-09-01 11:43:10,662 - INFO - ✅ Товар 2829800382 успешно спарсен
2026-09-01 11:43:10,662 - INFO - 🔄 Закрытие браузера...
2026-09-01 11:43:13,575 - INFO - 
📊 Итоги парсинга: 2 товаров
2026-09-01 11:43:13,576 - ERROR - ❌ Ошибка сохранения CSV: [Errno 13] Permission denied: 'ozon_products.csv'
2026-09-01 11:43:13,578 - INFO - 💾 Резервное сохранение в 'ozon_products.json'
2026-09-01 11:43:13,579 - INFO - 
📋 Пример спарсенных данных:
2026-09-01 11:43:13,579 - INFO -   sku: 2359066702
2026-09-01 11:43:13,579 - INFO -   title: Раскраска по номерам антистресс Дисней Ашет ТОМ 11/TOME 11
2026-09-01 11:43:13,580 - INFO -   price: 1762.0
2026-09-01 11:43:13,580 - INFO -   rating: 4.9
2026-09-01 11:43:13,581 - INFO -   reviews_total: 1882
2026-09-01 11:43:13,581 - INFO -   cover_image: https://ir.ozone.ru/s3/multimedia-1-l/9548554413.jpg
2026-09-01 11:43:13,581 - INFO -   photos_seller: 1
2026-09-01 11:43:13,581 - INFO -   videos_seller: 0
2026-09-01 11:43:13,581 - INFO -   color: 
2026-09-01 11:43:13,581 - INFO -   material: 
2026-09-01 11:43:13,582 - INFO -   art_set: 2359066702
2026-09-01 11:43:13,582 - INFO -   has_rich_content: False
2026-09-01 11:43:13,582 - INFO - ======================================================================
2026-09-01 11:43:13,582 - INFO - 🏁 РАБОТА ПАРСЕРА ЗАВЕРШЕНА
2026-09-01 11:43:13,582 - INFO - ======================================================================
2026-09-01 12:09:26,450 - INFO - ======================================================================
2026-09-01 12:09:26,451 - INFO - 🚀 ЗАПУСК ПАРСЕРА OZON
2026-09-01 12:09:26,451 - INFO - 📋 Количество товаров: 2
2026-09-01 12:09:26,451 - INFO - ======================================================================
2026-09-01 12:09:26,452 - INFO - 🍪 Загружено 10 cookies
2026-09-01 12:09:46,465 - INFO - ✅ Сессия инициализирована с cookies
2026-09-01 12:09:46,466 - INFO - 
--- [1/2] Обработка товара SKU: 2359066702 ---
2026-09-01 12:09:46,466 - INFO - 🌐 Загрузка страницы: https://www.ozon.ru/product/2359066702/
2026-09-01 12:09:52,172 - INFO - 📊 Начало парсинга SKU: 2359066702
2026-09-01 12:09:56,107 - INFO - ✅ Данные из JSON-LD: 'Раскраска по номерам антистресс Дисней А...'
2026-09-01 12:09:58,239 - INFO -   🔢 Найден артикул из скрипта: 2359066702
2026-09-01 12:09:58,278 - INFO -   ✅ Артикул: 2359066702
2026-09-01 12:10:14,854 - INFO - 🏁 Парсинг SKU 2359066702 завершен
2026-09-01 12:10:14,855 - INFO - ✅ Товар 2359066702 успешно спарсен
2026-09-01 12:10:14,855 - INFO - ⏳ Пауза 12.7 сек...
2026-09-01 12:10:27,578 - INFO - 
--- [2/2] Обработка товара SKU: 2829800382 ---
2026-09-01 12:10:27,578 - INFO - 🌐 Загрузка страницы: https://www.ozon.ru/product/2829800382/
2026-09-01 12:10:31,437 - INFO - 📊 Начало парсинга SKU: 2829800382
2026-09-01 12:10:35,755 - INFO - ✅ Данные из JSON-LD: 'Раскраска по номерам дисней hachette col...'
2026-09-01 12:10:37,865 - INFO -   🔢 Найден артикул из скрипта: 2829800382
2026-09-01 12:10:37,893 - INFO -   ✅ Артикул: 2829800382
2026-09-01 12:10:54,441 - INFO - 🏁 Парсинг SKU 2829800382 завершен
2026-09-01 12:10:54,442 - INFO - ✅ Товар 2829800382 успешно спарсен
2026-09-01 12:10:54,442 - INFO - 🔄 Закрытие браузера...
2026-09-01 12:10:57,697 - INFO - 
📊 Итоги парсинга: 2 товаров
2026-09-01 12:10:57,698 - ERROR - ❌ Ошибка сохранения CSV: [Errno 13] Permission denied: 'ozon_products.csv'
2026-09-01 12:10:57,700 - INFO - 💾 Резервное сохранение в 'ozon_products.json'
2026-09-01 12:10:57,700 - INFO - 
📋 Пример спарсенных данных:
2026-09-01 12:10:57,701 - INFO -   sku: 2359066702
2026-09-01 12:10:57,701 - INFO -   title: Раскраска по номерам антистресс Дисней Ашет ТОМ 11/TOME 11
2026-09-01 12:10:57,701 - INFO -   price: 1762.0
2026-09-01 12:10:57,701 - INFO -   rating: 4.9
2026-09-01 12:10:57,701 - INFO -   reviews_total: 1882
2026-09-01 12:10:57,701 - INFO -   cover_image: https://ir.ozone.ru/s3/multimedia-1-l/9548554413.jpg
2026-09-01 12:10:57,701 - INFO -   photos_seller: 1
2026-09-01 12:10:57,701 - INFO -   videos_seller: 0
2026-09-01 12:10:57,701 - INFO -   color: 
2026-09-01 12:10:57,701 - INFO -   material: 
2026-09-01 12:10:57,702 - INFO -   art_set: 2359066702
2026-09-01 12:10:57,702 - INFO -   has_rich_content: False
2026-09-01 12:10:57,702 - INFO - ======================================================================
2026-09-01 12:10:57,702 - INFO - 🏁 РАБОТА ПАРСЕРА ЗАВЕРШЕНА
2026-09-01 12:10:57,702 - INFO - ======================================================================
2026-09-01 12:22:58,326 - INFO - ======================================================================
2026-09-01 12:22:58,327 - INFO - 🚀 ЗАПУСК ПАРСЕРА OZON
2026-09-01 12:22:58,327 - INFO - 📋 Количество товаров: 2
2026-09-01 12:22:58,327 - INFO - ======================================================================
2026-09-01 12:22:58,328 - INFO - 🍪 Загружено 10 cookies
2026-09-01 12:23:23,177 - INFO - ✅ Сессия инициализирована с cookies
2026-09-01 12:23:23,178 - INFO - 
--- [1/2] Обработка товара SKU: 2359066702 ---
2026-09-01 12:23:23,178 - INFO - 🌐 Загрузка страницы: https://www.ozon.ru/product/2359066702/
2026-09-01 12:23:28,052 - INFO - 📊 Начало парсинга SKU: 2359066702
2026-09-01 12:23:33,340 - INFO - ✅ Данные из JSON-LD: 'Раскраска по номерам антистресс Дисней А...'
2026-09-01 12:23:36,205 - INFO -   🔢 Найден артикул из скрипта: 2359066702
2026-09-01 12:23:36,241 - INFO -   ✅ Артикул: 2359066702
2026-09-01 12:23:52,831 - INFO - 🏁 Парсинг SKU 2359066702 завершен
2026-09-01 12:23:52,833 - INFO - ✅ Товар 2359066702 успешно спарсен
2026-09-01 12:23:52,834 - INFO - ⏳ Пауза 11.4 сек...
2026-09-01 12:24:04,278 - INFO - 
--- [2/2] Обработка товара SKU: 2829800382 ---
2026-09-01 12:24:04,279 - INFO - 🌐 Загрузка страницы: https://www.ozon.ru/product/2829800382/
2026-09-01 12:24:10,260 - INFO - 📊 Начало парсинга SKU: 2829800382
2026-09-01 12:24:13,733 - INFO - ✅ Данные из JSON-LD: 'Раскраска по номерам дисней hachette col...'
2026-09-01 12:24:15,852 - INFO -   🔢 Найден артикул из скрипта: 2829800382
2026-09-01 12:24:15,893 - INFO -   ✅ Артикул: 2829800382
2026-09-01 12:24:32,514 - INFO - 🏁 Парсинг SKU 2829800382 завершен
2026-09-01 12:24:32,515 - INFO - ✅ Товар 2829800382 успешно спарсен
2026-09-01 12:24:32,515 - INFO - 🔄 Закрытие браузера...
2026-09-01 12:24:37,210 - INFO - 
📊 Итоги парсинга: 2 товаров
2026-09-01 12:24:37,216 - INFO - 💾 Сохранено 2 товаров в 'ozon_products.csv'
2026-09-01 12:24:37,216 - INFO - ✅ CSV сохранен успешно
2026-09-01 12:24:37,216 - INFO - 
📋 Пример спарсенных данных:
2026-09-01 12:24:37,217 - INFO -   sku: 2359066702
2026-09-01 12:24:37,217 - INFO -   title: Раскраска по номерам антистресс Дисней Ашет ТОМ 11/TOME 11
2026-09-01 12:24:37,217 - INFO -   price: 1762.0
2026-09-01 12:24:37,217 - INFO -   rating: 4.9
2026-09-01 12:24:37,218 - INFO -   reviews_total: 1882
2026-09-01 12:24:37,218 - INFO -   cover_image: https://ir.ozone.ru/s3/multimedia-1-l/9548554413.jpg
2026-09-01 12:24:37,218 - INFO -   photos_seller: 1
2026-09-01 12:24:37,218 - INFO -   videos_seller: 0
2026-09-01 12:24:37,218 - INFO -   color: 
2026-09-01 12:24:37,218 - INFO -   material: 
2026-09-01 12:24:37,219 - INFO -   art_set: 2359066702
2026-09-01 12:24:37,219 - INFO -   has_rich_content: False
2026-09-01 12:24:37,219 - INFO - ======================================================================
2026-09-01 12:24:37,219 - INFO - 🏁 РАБОТА ПАРСЕРА ЗАВЕРШЕНА
2026-09-01 12:24:37,219 - INFO - ======================================================================
2026-09-01 12:33:41,295 - INFO - ======================================================================
2026-09-01 12:33:41,296 - INFO - 🚀 ЗАПУСК ПАРСЕРА OZON
2026-09-01 12:33:41,296 - INFO - 📋 Количество товаров: 2
2026-09-01 12:33:41,296 - INFO - ======================================================================
2026-09-01 12:33:41,299 - INFO - 🍪 Загружено 10 cookies
2026-09-01 12:34:01,798 - INFO - ✅ Сессия инициализирована с cookies
2026-09-01 12:34:01,799 - INFO - 
--- [1/2] Обработка товара SKU: 2359066702 ---
2026-09-01 12:34:01,799 - INFO - 🌐 Загрузка страницы: https://www.ozon.ru/product/2359066702/
2026-09-01 12:34:06,630 - INFO - 📊 Начало парсинга SKU: 2359066702
2026-09-01 12:34:11,778 - INFO - ✅ Данные из JSON-LD: 'Раскраска по номерам антистресс Дисней А...'
2026-09-01 12:34:14,089 - INFO -   🔢 Артикул из JSON-LD: 2359066702
2026-09-01 12:34:43,158 - INFO - 📋 Итоговые характеристики:
2026-09-01 12:34:43,159 - INFO -   🎨 Цвет: не указан
2026-09-01 12:34:43,159 - INFO -   📦 Материал: не указан
2026-09-01 12:34:43,159 - INFO -   🔢 Артикул: 2359066702
2026-09-01 12:34:43,159 - INFO - 🏁 Парсинг SKU 2359066702 завершен
2026-09-01 12:34:43,160 - INFO - ✅ Товар 2359066702 успешно спарсен
2026-09-01 12:34:43,161 - INFO - ⏳ Пауза 8.7 сек...
2026-09-01 12:34:51,842 - INFO - 
--- [2/2] Обработка товара SKU: 2829800382 ---
2026-09-01 12:34:51,842 - INFO - 🌐 Загрузка страницы: https://www.ozon.ru/product/2829800382/
2026-09-01 12:34:57,045 - INFO - 📊 Начало парсинга SKU: 2829800382
2026-09-01 12:35:00,882 - INFO - ✅ Данные из JSON-LD: 'Раскраска по номерам дисней hachette col...'
2026-09-01 12:35:03,109 - INFO -   🔢 Артикул из JSON-LD: 2829800382
2026-09-01 12:35:32,480 - INFO - 📋 Итоговые характеристики:
2026-09-01 12:35:32,480 - INFO -   🎨 Цвет: не указан
2026-09-01 12:35:32,481 - INFO -   📦 Материал: не указан
2026-09-01 12:35:32,481 - INFO -   🔢 Артикул: 2829800382
2026-09-01 12:35:32,481 - INFO - 🏁 Парсинг SKU 2829800382 завершен
2026-09-01 12:35:32,484 - INFO - ✅ Товар 2829800382 успешно спарсен
2026-09-01 12:35:32,485 - INFO - 🔄 Закрытие браузера...
2026-09-01 12:35:37,750 - INFO - 
📊 Итоги парсинга: 2 товаров
2026-09-01 12:35:37,760 - INFO - 💾 Сохранено 2 товаров в 'ozon_products.csv'
2026-09-01 12:35:37,761 - INFO - ✅ CSV сохранен успешно
2026-09-01 12:35:37,763 - INFO - 
📋 Пример спарсенных данных:
2026-09-01 12:35:37,765 - INFO -   sku: 2359066702
2026-09-01 12:35:37,767 - INFO -   title: Раскраска по номерам антистресс Дисней Ашет ТОМ 11/TOME 11
2026-09-01 12:35:37,768 - INFO -   price: 1762.0
2026-09-01 12:35:37,768 - INFO -   rating: 4.9
2026-09-01 12:35:37,769 - INFO -   reviews_total: 1882
2026-09-01 12:35:37,769 - INFO -   cover_image: https://ir.ozone.ru/s3/multimedia-1-l/9548554413.jpg
2026-09-01 12:35:37,769 - INFO -   photos_seller: 1
2026-09-01 12:35:37,770 - INFO -   videos_seller: 0
2026-09-01 12:35:37,770 - INFO -   color: 
2026-09-01 12:35:37,770 - INFO -   material: 
2026-09-01 12:35:37,770 - INFO -   art_set: 2359066702
2026-09-01 12:35:37,771 - INFO -   has_rich_content: False
2026-09-01 12:35:37,771 - INFO - ======================================================================
2026-09-01 12:35:37,771 - INFO - 🏁 РАБОТА ПАРСЕРА ЗАВЕРШЕНА
2026-09-01 12:35:37,771 - INFO - ======================================================================
2026-09-01 12:45:57,172 - INFO - ======================================================================
2026-09-01 12:45:57,173 - INFO - 🚀 ЗАПУСК ПАРСЕРА OZON
2026-09-01 12:45:57,173 - INFO - 📋 Количество товаров: 2
2026-09-01 12:45:57,173 - INFO - ======================================================================
2026-09-01 12:45:57,174 - INFO - 🍪 Загружено 10 cookies
2026-09-01 12:46:16,280 - INFO - ✅ Сессия инициализирована с cookies
2026-09-01 12:46:16,281 - INFO - 
--- [1/2] Обработка товара SKU: 2359066702 ---
2026-09-01 12:46:16,281 - INFO - 🌐 Загрузка страницы: https://www.ozon.ru/product/2359066702/
2026-09-01 12:46:21,725 - INFO - 📊 Начало парсинга SKU: 2359066702
2026-09-01 12:46:25,428 - INFO - ✅ Данные из JSON-LD: 'Раскраска по номерам антистресс Дисней А...'
2026-09-01 12:46:27,694 - INFO -   🔢 Артикул из JSON-LD: 2359066702
2026-09-01 12:46:56,765 - INFO - 📋 Итоговые характеристики:
2026-09-01 12:46:56,765 - INFO -   🎨 Цвет: не указан
2026-09-01 12:46:56,765 - INFO -   📦 Материал: не указан
2026-09-01 12:46:56,765 - INFO -   🔢 Артикул: 2359066702
2026-09-01 12:46:56,765 - INFO - 🏁 Парсинг SKU 2359066702 завершен
2026-09-01 12:46:56,766 - INFO - ✅ Товар 2359066702 успешно спарсен
2026-09-01 12:46:56,766 - INFO - ⏳ Пауза 13.8 сек...
2026-09-01 12:47:10,616 - INFO - 
--- [2/2] Обработка товара SKU: 2829800382 ---
2026-09-01 12:47:10,618 - INFO - 🌐 Загрузка страницы: https://www.ozon.ru/product/2829800382/
2026-09-01 12:47:16,746 - INFO - 📊 Начало парсинга SKU: 2829800382
2026-09-01 12:47:23,864 - INFO - ✅ Данные из JSON-LD: 'Раскраска по номерам дисней hachette col...'
2026-09-01 12:47:26,266 - INFO -   🔢 Артикул из JSON-LD: 2829800382
2026-09-01 12:47:56,015 - INFO - 📋 Итоговые характеристики:
2026-09-01 12:47:56,016 - INFO -   🎨 Цвет: не указан
2026-09-01 12:47:56,017 - INFO -   📦 Материал: не указан
2026-09-01 12:47:56,017 - INFO -   🔢 Артикул: 2829800382
2026-09-01 12:47:56,017 - INFO - 🏁 Парсинг SKU 2829800382 завершен
2026-09-01 12:47:56,020 - INFO - ✅ Товар 2829800382 успешно спарсен
2026-09-01 12:47:56,021 - INFO - 🔄 Закрытие браузера...
2026-09-01 12:47:59,627 - INFO - 
📊 Итоги парсинга: 2 товаров
2026-09-01 12:47:59,628 - INFO - 💾 Сохранено 2 товаров в 'ozon_products.csv'
2026-09-01 12:47:59,628 - INFO - ✅ CSV сохранен успешно
2026-09-01 12:47:59,628 - INFO - 
📋 Пример спарсенных данных:
2026-09-01 12:47:59,628 - INFO -   sku: 2359066702
2026-09-01 12:47:59,629 - INFO -   title: Раскраска по номерам антистресс Дисней Ашет ТОМ 11/TOME 11
2026-09-01 12:47:59,629 - INFO -   price: 1762.0
2026-09-01 12:47:59,629 - INFO -   rating: 4.9
2026-09-01 12:47:59,629 - INFO -   reviews_total: 1882
2026-09-01 12:47:59,629 - INFO -   cover_image: https://ir.ozone.ru/s3/multimedia-1-l/9548554413.jpg
2026-09-01 12:47:59,629 - INFO -   photos_seller: 1
2026-09-01 12:47:59,629 - INFO -   videos_seller: 0
2026-09-01 12:47:59,629 - INFO -   color: 
2026-09-01 12:47:59,629 - INFO -   material: 
2026-09-01 12:47:59,629 - INFO -   art_set: 2359066702
2026-09-01 12:47:59,630 - INFO -   has_rich_content: False
2026-09-01 12:47:59,630 - INFO - ======================================================================
2026-09-01 12:47:59,630 - INFO - 🏁 РАБОТА ПАРСЕРА ЗАВЕРШЕНА
2026-09-01 12:47:59,630 - INFO - ======================================================================
